// Jest Snapshot v1, https://goo.gl/fbAQLP

exports[`renders correctly 1`] = `
<div
  class="stateWrapper"
  id="North Carolina"
>
  <div
    class="state gop"
    data-evs="15"
    data-fromstorage="false"
    data-statecode="NC"
    data-statename="North Carolina"
    data-winner="1"
    tabindex="0"
  >
    <span
      class="evs"
    >
      15
    </span>
  </div>
  <p
    class="stateName"
  >
    North Carolina
  </p>
</div>
`;
