// Jest Snapshot v1, https://goo.gl/fbAQLP

exports[`renders correctly 1`] = `
<div
  class="candidatesWrapper"
>
  <div
    class="candidate"
    id="Trump"
  >
    <h2>
      Trump
    </h2>
    <img
      alt="Trump"
      src="trump.jpeg"
    />
    <div
      class="electoralVotesWrapper"
    >
      <p
        class="electoralVotesLabel"
      >
        Winner-Take-All:
      </p>
      <span
        class="electoralVotes"
        id="gop-wta"
      >
        43
      </span>
      <p
        class="electoralVotesLabel"
      >
        Proportional:
      </p>
      <span
        class="electoralVotes"
        id="gop-prop"
      >
        40
      </span>
    </div>
  </div>
  <div
    class="candidate"
    id="Biden"
  >
    <h2>
      Biden
    </h2>
    <img
      alt="Biden"
      src="biden.jpeg"
    />
    <div
      class="electoralVotesWrapper"
    >
      <p
        class="electoralVotesLabel"
      >
        Winner-Take-All:
      </p>
      <span
        class="electoralVotes"
        id="dem-wta"
      >
        42
      </span>
      <p
        class="electoralVotesLabel"
      >
        Proportional:
      </p>
      <span
        class="electoralVotes"
        id="dem-prop"
      >
        40
      </span>
    </div>
  </div>
  <div
    class="candidate"
    id="Oliver"
  >
    <h2>
      Oliver
    </h2>
    <img
      alt="Oliver"
      src="oliver.jpeg"
    />
    <div
      class="electoralVotesWrapper"
    >
      <p
        class="electoralVotesLabel"
      >
        Winner-Take-All:
      </p>
      <span
        class="electoralVotes"
        id="lib-wta"
      >
        0
      </span>
      <p
        class="electoralVotesLabel"
      >
        Proportional:
      </p>
      <span
        class="electoralVotes"
        id="lib-prop"
      >
        2
      </span>
    </div>
  </div>
  <div
    class="candidate"
    id="Stein"
  >
    <h2>
      Stein
    </h2>
    <img
      alt="Stein"
      src="stein.jpg"
    />
    <div
      class="electoralVotesWrapper"
    >
      <p
        class="electoralVotesLabel"
      >
        Winner-Take-All:
      </p>
      <span
        class="electoralVotes"
        id="grn-wta"
      >
        0
      </span>
      <p
        class="electoralVotesLabel"
      >
        Proportional:
      </p>
      <span
        class="electoralVotes"
        id="grn-prop"
      >
        1
      </span>
    </div>
  </div>
  <div
    class="candidate"
    id="Kennedy"
  >
    <h2>
      Kennedy
    </h2>
    <img
      alt="Kennedy"
      src="kennedyjr.png"
    />
    <div
      class="electoralVotesWrapper"
    >
      <p
        class="electoralVotesLabel"
      >
        Winner-Take-All:
      </p>
      <span
        class="electoralVotes"
        id="ind-wta"
      >
        0
      </span>
      <p
        class="electoralVotesLabel"
      >
        Proportional:
      </p>
      <span
        class="electoralVotes"
        id="ind-prop"
      >
        1
      </span>
    </div>
  </div>
</div>
`;
