// Jest Snapshot v1, https://goo.gl/fbAQLP

exports[`renders correctly 1`] = `
<div
  className="candidatesWrapper"
>
  <div
    className="candidate"
    id="Trump"
  >
    <h2>
      Trump
    </h2>
    <img
      alt="Trump"
      src="trump.jpeg"
    />
    <div
      className="electoralVotesWrapper"
    >
      <p
        className="electoralVotesLabel"
      >
        Winner-Take-All:
      </p>
      <span
        className="electoralVotes"
        id="gop-wta"
      >
        43
      </span>
      <p
        className="electoralVotesLabel"
      >
        Proportional:
      </p>
      <span
        className="electoralVotes"
        id="gop-prop"
      >
        40
      </span>
    </div>
  </div>
  <div
    className="candidate"
    id="Biden"
  >
    <h2>
      Biden
    </h2>
    <img
      alt="Biden"
      src="biden.jpeg"
    />
    <div
      className="electoralVotesWrapper"
    >
      <p
        className="electoralVotesLabel"
      >
        Winner-Take-All:
      </p>
      <span
        className="electoralVotes"
        id="dem-wta"
      >
        42
      </span>
      <p
        className="electoralVotesLabel"
      >
        Proportional:
      </p>
      <span
        className="electoralVotes"
        id="dem-prop"
      >
        40
      </span>
    </div>
  </div>
  <div
    className="candidate"
    id="Jorgensen"
  >
    <h2>
      Jorgensen
    </h2>
    <img
      alt="Jorgensen"
      src="jorgensen.png"
    />
    <div
      className="electoralVotesWrapper"
    >
      <p
        className="electoralVotesLabel"
      >
        Winner-Take-All:
      </p>
      <span
        className="electoralVotes"
        id="lib-wta"
      >
        0
      </span>
      <p
        className="electoralVotesLabel"
      >
        Proportional:
      </p>
      <span
        className="electoralVotes"
        id="lib-prop"
      >
        2
      </span>
    </div>
  </div>
  <div
    className="candidate"
    id="Hawkins"
  >
    <h2>
      Hawkins
    </h2>
    <img
      alt="Hawkins"
      src="hawkins.jpeg"
    />
    <div
      className="electoralVotesWrapper"
    >
      <p
        className="electoralVotesLabel"
      >
        Winner-Take-All:
      </p>
      <span
        className="electoralVotes"
        id="grn-wta"
      >
        0
      </span>
      <p
        className="electoralVotesLabel"
      >
        Proportional:
      </p>
      <span
        className="electoralVotes"
        id="grn-prop"
      >
        1
      </span>
    </div>
  </div>
  <div
    className="candidate"
    id="West"
  >
    <h2>
      West
    </h2>
    <img
      alt="West"
      src="west.jpeg"
    />
    <div
      className="electoralVotesWrapper"
    >
      <p
        className="electoralVotesLabel"
      >
        Winner-Take-All:
      </p>
      <span
        className="electoralVotes"
        id="ind-wta"
      >
        0
      </span>
      <p
        className="electoralVotesLabel"
      >
        Proportional:
      </p>
      <span
        className="electoralVotes"
        id="ind-prop"
      >
        1
      </span>
    </div>
  </div>
</div>
`;
