// Jest Snapshot v1, https://goo.gl/fbAQLP

exports[`renders correctly 1`] = `
<div>
  <h1>
    Electoral College 2024
  </h1>
  <div
    class="votes-counter"
    id="ev-votes-counter"
  >
    <h3>
      Winner-Take-All Electoral Votes Counter
    </h3>
    <h3
      class="wta-winner  hide"
    >
      Winner: 
    </h3>
    <div>
      <div
        class="votes-winner-line"
      />
      <div
        class="votes-parties"
      >
        <span
          class="gop-votes"
          style="width: 15%;"
        />
        <span
          class="lib-votes"
          style="width: 0%;"
        />
        <span
          class="unawarded-votes"
          style="width: 71%;"
        />
        <span
          class="grn-votes"
          style="width: 0%;"
        />
        <span
          class="ind-votes"
          style="width: 0%;"
        />
        <span
          class="dem-votes"
          style="width: 14%;"
        />
      </div>
    </div>
  </div>
  <div
    class="votes-counter"
    id="pop-votes-counter"
  >
    <h3>
      Proportional Electoral Votes Counter
    </h3>
    <h3
      class="prop-winner  hide"
    >
      Winner: 
    </h3>
    <div>
      <div
        class="votes-winner-line"
      />
      <div
        class="votes-parties"
      >
        <span
          class="gop-votes"
          style="width: 12.5%;"
        />
        <span
          class="lib-votes"
          style="width: 2.75%;"
        />
        <span
          class="unawarded-votes"
          style="width: 71%;"
        />
        <span
          class="grn-votes"
          style="width: 1.25%;"
        />
        <span
          class="ind-votes"
          style="width: 1%;"
        />
        <span
          class="dem-votes"
          style="width: 11.5%;"
        />
      </div>
    </div>
  </div>
  <div
    class="candidatesWrapper"
  >
    <div
      class="candidate"
      id="Trump"
    >
      <h2>
        Trump
      </h2>
      <img
        alt="Trump"
        src="trump.jpeg"
      />
      <div
        class="electoralVotesWrapper"
      >
        <p
          class="electoralVotesLabel"
        >
          Winner-Take-All:
        </p>
        <span
          class="electoralVotes"
          id="gop-wta"
        >
          55
        </span>
        <p
          class="electoralVotesLabel"
        >
          Proportional:
        </p>
        <span
          class="electoralVotes"
          id="gop-prop"
        >
          48
        </span>
      </div>
    </div>
    <div
      class="candidate"
      id="Biden"
    >
      <h2>
        Biden
      </h2>
      <img
        alt="Biden"
        src="biden.jpeg"
      />
      <div
        class="electoralVotesWrapper"
      >
        <p
          class="electoralVotesLabel"
        >
          Winner-Take-All:
        </p>
        <span
          class="electoralVotes"
          id="dem-wta"
        >
          45
        </span>
        <p
          class="electoralVotesLabel"
        >
          Proportional:
        </p>
        <span
          class="electoralVotes"
          id="dem-prop"
        >
          49
        </span>
      </div>
    </div>
    <div
      class="candidate"
      id="Oliver"
    >
      <h2>
        Oliver
      </h2>
      <img
        alt="Oliver"
        src="oliver.jpeg"
      />
      <div
        class="electoralVotesWrapper"
      >
        <p
          class="electoralVotesLabel"
        >
          Winner-Take-All:
        </p>
        <span
          class="electoralVotes"
          id="lib-wta"
        >
          0
        </span>
        <p
          class="electoralVotesLabel"
        >
          Proportional:
        </p>
        <span
          class="electoralVotes"
          id="lib-prop"
        >
          2
        </span>
      </div>
    </div>
    <div
      class="candidate"
      id="Stein"
    >
      <h2>
        Stein
      </h2>
      <img
        alt="Stein"
        src="stein.jpg"
      />
      <div
        class="electoralVotesWrapper"
      >
        <p
          class="electoralVotesLabel"
        >
          Winner-Take-All:
        </p>
        <span
          class="electoralVotes"
          id="grn-wta"
        >
          0
        </span>
        <p
          class="electoralVotesLabel"
        >
          Proportional:
        </p>
        <span
          class="electoralVotes"
          id="grn-prop"
        >
          0.5
        </span>
      </div>
    </div>
    <div
      class="candidate"
      id="Kennedy"
    >
      <h2>
        Kennedy
      </h2>
      <img
        alt="Kennedy"
        src="kennedyjr.png"
      />
      <div
        class="electoralVotesWrapper"
      >
        <p
          class="electoralVotesLabel"
        >
          Winner-Take-All:
        </p>
        <span
          class="electoralVotes"
          id="ind-wta"
        >
          0
        </span>
        <p
          class="electoralVotesLabel"
        >
          Proportional:
        </p>
        <span
          class="electoralVotes"
          id="ind-prop"
        >
          0.5
        </span>
      </div>
    </div>
  </div>
</div>
`;
