// Jest Snapshot v1, https://goo.gl/fbAQLP

exports[`renders correctly 1`] = `
<div>
  <h1>
    Electoral College 2020
  </h1>
  <div
    className="votes-counter"
    id="ev-votes-counter"
  >
    <h3>
      Winner-Take-All Electoral Votes Counter
    </h3>
    <h3
      className="wta-winner gop show"
    >
      Winner: Republican
    </h3>
    <div>
      <div
        className="votes-winner-line"
      />
      <div
        className="votes-parties"
      >
        <span
          className="gop-votes"
          style={
            Object {
              "width": "15%",
            }
          }
        />
        <span
          className="lib-votes"
          style={
            Object {
              "width": "0%",
            }
          }
        />
        <span
          className="unawarded-votes"
          style={
            Object {
              "width": "71%",
            }
          }
        />
        <span
          className="grn-votes"
          style={
            Object {
              "width": "0%",
            }
          }
        />
        <span
          className="ind-votes"
          style={
            Object {
              "width": "0%",
            }
          }
        />
        <span
          className="dem-votes"
          style={
            Object {
              "width": "14%",
            }
          }
        />
      </div>
    </div>
  </div>
  <div
    className="votes-counter"
    id="pop-votes-counter"
  >
    <h3>
      Proportional Electoral Votes Counter
    </h3>
    <h3
      className="prop-winner  hide"
    >
      Winner: 
    </h3>
    <div>
      <div
        className="votes-winner-line"
      />
      <div
        className="votes-parties"
      >
        <span
          className="gop-votes"
          style={
            Object {
              "width": "12.5%",
            }
          }
        />
        <span
          className="lib-votes"
          style={
            Object {
              "width": "2.75%",
            }
          }
        />
        <span
          className="unawarded-votes"
          style={
            Object {
              "width": "71%",
            }
          }
        />
        <span
          className="grn-votes"
          style={
            Object {
              "width": "1.25%",
            }
          }
        />
        <span
          className="ind-votes"
          style={
            Object {
              "width": "1%",
            }
          }
        />
        <span
          className="dem-votes"
          style={
            Object {
              "width": "11.5%",
            }
          }
        />
      </div>
    </div>
  </div>
  <div
    className="candidatesWrapper"
  >
    <div
      className="candidate"
      id="Rep"
    >
      <h2>
        Rep
      </h2>
      <img
        alt="Rep"
        src="goplogo.png"
      />
      <div
        className="electoralVotesWrapper"
      >
        <p
          className="electoralVotesLabel"
        >
          Winner-Take-All:
        </p>
        <span
          className="electoralVotes"
          id="gop-wta"
        >
          55
        </span>
        <p
          className="electoralVotesLabel"
        >
          Proportional:
        </p>
        <span
          className="electoralVotes"
          id="gop-prop"
        >
          48
        </span>
      </div>
    </div>
    <div
      className="candidate"
      id="Dem"
    >
      <h2>
        Dem
      </h2>
      <img
        alt="Dem"
        src="demlogo.jpeg"
      />
      <div
        className="electoralVotesWrapper"
      >
        <p
          className="electoralVotesLabel"
        >
          Winner-Take-All:
        </p>
        <span
          className="electoralVotes"
          id="dem-wta"
        >
          45
        </span>
        <p
          className="electoralVotesLabel"
        >
          Proportional:
        </p>
        <span
          className="electoralVotes"
          id="dem-prop"
        >
          49
        </span>
      </div>
    </div>
    <div
      className="candidate"
      id="Lib"
    >
      <h2>
        Lib
      </h2>
      <img
        alt="Lib"
        src="liblogo.png"
      />
      <div
        className="electoralVotesWrapper"
      >
        <p
          className="electoralVotesLabel"
        >
          Winner-Take-All:
        </p>
        <span
          className="electoralVotes"
          id="lib-wta"
        >
          0
        </span>
        <p
          className="electoralVotesLabel"
        >
          Proportional:
        </p>
        <span
          className="electoralVotes"
          id="lib-prop"
        >
          2
        </span>
      </div>
    </div>
    <div
      className="candidate"
      id="Grn"
    >
      <h2>
        Grn
      </h2>
      <img
        alt="Grn"
        src="grnlogo.png"
      />
      <div
        className="electoralVotesWrapper"
      >
        <p
          className="electoralVotesLabel"
        >
          Winner-Take-All:
        </p>
        <span
          className="electoralVotes"
          id="grn-wta"
        >
          0
        </span>
        <p
          className="electoralVotesLabel"
        >
          Proportional:
        </p>
        <span
          className="electoralVotes"
          id="grn-prop"
        >
          0.5
        </span>
      </div>
    </div>
    <div
      className="candidate"
      id="Ind"
    >
      <h2>
        Ind
      </h2>
      <img
        alt="Ind"
        src="indlogo.jpeg"
      />
      <div
        className="electoralVotesWrapper"
      >
        <p
          className="electoralVotesLabel"
        >
          Winner-Take-All:
        </p>
        <span
          className="electoralVotes"
          id="ind-wta"
        >
          0
        </span>
        <p
          className="electoralVotesLabel"
        >
          Proportional:
        </p>
        <span
          className="electoralVotes"
          id="ind-prop"
        >
          0.5
        </span>
      </div>
    </div>
  </div>
</div>
`;
