// Jest Snapshot v1, https://goo.gl/fbAQLP

exports[`renders correctly 1`] = `
<div
  class="candidate"
  id="Dem"
>
  <h2>
    Dem
  </h2>
  <img
    alt="Dem"
    src="demlogo.jpeg"
  />
  <div
    class="electoralVotesWrapper"
  >
    <p
      class="electoralVotesLabel"
    >
      Winner-Take-All:
    </p>
    <span
      class="electoralVotes"
      id="dem-wta"
    >
      48
    </span>
    <p
      class="electoralVotesLabel"
    >
      Proportional:
    </p>
    <span
      class="electoralVotes"
      id="dem-prop"
    >
      40
    </span>
  </div>
</div>
`;
