// Jest Snapshot v1, https://goo.gl/fbAQLP

exports[`renders correctly 1`] = `
<div
  class="popVotesWrapper "
>
  <div
    class="pvInputWrapper"
  >
    <input
      class="pvInput"
      data-evsawarded="undefined"
      data-party="gop"
      data-statename="ME-CD1"
      id="gopPopVoteInput"
      pattern="^(100(?:\\\\.00)?|0(?:\\\\.\\\\d\\\\d)?|\\\\d?\\\\d(?:\\\\.\\\\d\\\\d)?)$"
      placeholder="GOP %"
      type="text"
      value=""
    />
  </div>
  <div
    class="pvInputWrapper"
  >
    <input
      class="pvInput"
      data-evsawarded="undefined"
      data-party="dem"
      data-statename="ME-CD1"
      id="demPopVoteInput"
      pattern="^(100(?:\\\\.00)?|0(?:\\\\.\\\\d\\\\d)?|\\\\d?\\\\d(?:\\\\.\\\\d\\\\d)?)$"
      placeholder="DEM %"
      type="text"
      value=""
    />
  </div>
  <div
    class="pvInputWrapper"
  >
    <input
      class="pvInput"
      data-evsawarded="undefined"
      data-party="lib"
      data-statename="ME-CD1"
      id="libPopVoteInput"
      pattern="^(100(?:\\\\.00)?|0(?:\\\\.\\\\d\\\\d)?|\\\\d?\\\\d(?:\\\\.\\\\d\\\\d)?)$"
      placeholder="LIB %"
      type="text"
      value=""
    />
  </div>
  <div
    class="pvInputWrapper"
  >
    <input
      class="pvInput"
      data-evsawarded="undefined"
      data-party="grn"
      data-statename="ME-CD1"
      id="grnPopVoteInput"
      pattern="^(100(?:\\\\.00)?|0(?:\\\\.\\\\d\\\\d)?|\\\\d?\\\\d(?:\\\\.\\\\d\\\\d)?)$"
      placeholder="GRN %"
      type="text"
      value=""
    />
  </div>
  <div
    class="pvInputWrapper"
  >
    <input
      class="pvInput"
      data-evsawarded="undefined"
      data-party="ind"
      data-statename="ME-CD1"
      id="indPopVoteInput"
      pattern="^(100(?:\\\\.00)?|0(?:\\\\.\\\\d\\\\d)?|\\\\d?\\\\d(?:\\\\.\\\\d\\\\d)?)$"
      placeholder="IND %"
      type="text"
      value=""
    />
  </div>
</div>
`;
