// Jest Snapshot v1, https://goo.gl/fbAQLP

exports[`renders correctly 1`] = `
<div
  class="electoralVotesWrapper"
>
  <p
    class="electoralVotesLabel"
  >
    Winner-Take-All:
  </p>
  <span
    class="electoralVotes"
    id="ind-wta"
  >
    0
  </span>
  <p
    class="electoralVotesLabel"
  >
    Proportional:
  </p>
  <span
    class="electoralVotes"
    id="ind-prop"
  >
    10
  </span>
</div>
`;
