// Jest Snapshot v1, https://goo.gl/fbAQLP

exports[`renders correctly 1`] = `
<div
  class="pvInputWrapper"
>
  <input
    class="pvInput"
    data-evsawarded="2"
    data-party="grn"
    data-statename="Pennsylvania"
    id="grnPopVoteInput"
    pattern="^(100(?:\\\\.00)?|0(?:\\\\.\\\\d\\\\d)?|\\\\d?\\\\d(?:\\\\.\\\\d\\\\d)?)$"
    placeholder="GRN %"
    type="text"
    value="10"
  />
</div>
`;
